// Jest Snapshot v1, https://goo.gl/fbAQLP

exports[`TheDate Component renders the UI as expected 1`] = `
<div>
   
  7/5/2020, 2:24:47 PM
   
</div>
`;
